// Jest Snapshot v1, https://goo.gl/fbAQLP

exports[`Home renders correctly 1`] = `
<div>
  <h2
    className="home-title"
  >
    Welcome to our page!
  </h2>
  <p
    className="home-paragraph"
  >
     
    Lorem ipsum dolor sit amet, consectetur adipiscing elit. Fusce ac enim velit. Nulla nibh eros, egestas vitae nisi vitae, porttitor bibendum augue. Suspendisse sed consequat mauris. Proin turpis purus, molestie in odio ut, dignissim pulvinar mauris. Sed sit amet cursus metus. Pellentesque purus felis, consequat et neque id, euismod consequat nulla. Morbi in justo condimentum, vestibulum sem a, tincidunt libero. Sed semper metus finibus nulla vestibulum condimentum. Fusce varius efficitur metus, cursus porta lacus eleifend vel.
    <br />
    <br />
    Suspendisse at justo commodo, efficitur risus eu, consectetur mauris. Vestibulum convallis, nisi sed sodales cursus, lacus tortor efficitur lacus, non dapibus diam sapien sit amet dolor. Mauris ullamcorper sollicitudin neque eu accumsan. Vestibulum ante ipsum primis in faucibus orci luctus et ultrices posuere cubilia curae; Aenean nec ullamcorper orci, eget porttitor turpis. Morbi sit amet ornare tellus. In vulputate consectetur eros pulvinar accumsan. Morbi iaculis arcu at arcu finibus fermentum. Aenean viverra volutpat diam, sed fermentum lacus consectetur nec. Suspendisse potenti. Suspendisse ligula ex, convallis iaculis finibus sed, venenatis non metus. Phasellus sagittis mattis sapien, ac dictum nisl interdum quis.
     
  </p>
</div>
`;
